edges
| ExceptionInformationExposure.cs:21:32:21:33 | access to local variable ex : Exception | ExceptionInformationExposure.cs:23:32:23:33 | access to local variable ex |
nodes
| ExceptionInformationExposure.cs:21:32:21:33 | access to local variable ex : Exception | semmle.label | access to local variable ex : Exception |
| ExceptionInformationExposure.cs:21:32:21:44 | call to method ToString | semmle.label | call to method ToString |
| ExceptionInformationExposure.cs:23:32:23:33 | access to local variable ex | semmle.label | access to local variable ex |
| ExceptionInformationExposure.cs:25:32:25:44 | access to property StackTrace | semmle.label | access to property StackTrace |
| ExceptionInformationExposure.cs:41:28:41:55 | access to property StackTrace | semmle.label | access to property StackTrace |
| ExceptionInformationExposure.cs:42:28:42:40 | access to property StackTrace | semmle.label | access to property StackTrace |
| ExceptionInformationExposure.cs:43:28:43:40 | call to method ToString | semmle.label | call to method ToString |
| ExceptionInformationExposure.cs:49:28:49:55 | call to method ToString | semmle.label | call to method ToString |
#select
| ExceptionInformationExposure.cs:21:32:21:44 | call to method ToString | ExceptionInformationExposure.cs:21:32:21:44 | call to method ToString | ExceptionInformationExposure.cs:21:32:21:44 | call to method ToString | Exception information from $@ flows to here, and is exposed to the user. | ExceptionInformationExposure.cs:21:32:21:44 | call to method ToString | call to method ToString |
| ExceptionInformationExposure.cs:23:32:23:33 | access to local variable ex | ExceptionInformationExposure.cs:21:32:21:33 | access to local variable ex : Exception | ExceptionInformationExposure.cs:23:32:23:33 | access to local variable ex | Exception information from $@ flows to here, and is exposed to the user. | ExceptionInformationExposure.cs:21:32:21:33 | access to local variable ex | access to local variable ex : Exception |
| ExceptionInformationExposure.cs:23:32:23:33 | access to local variable ex | ExceptionInformationExposure.cs:23:32:23:33 | access to local variable ex | ExceptionInformationExposure.cs:23:32:23:33 | access to local variable ex | Exception information from $@ flows to here, and is exposed to the user. | ExceptionInformationExposure.cs:23:32:23:33 | access to local variable ex | access to local variable ex |
| ExceptionInformationExposure.cs:25:32:25:44 | access to property StackTrace | ExceptionInformationExposure.cs:25:32:25:44 | access to property StackTrace | ExceptionInformationExposure.cs:25:32:25:44 | access to property StackTrace | Exception information from $@ flows to here, and is exposed to the user. | ExceptionInformationExposure.cs:25:32:25:44 | access to property StackTrace | access to property StackTrace |
| ExceptionInformationExposure.cs:41:28:41:55 | access to property StackTrace | ExceptionInformationExposure.cs:41:28:41:55 | access to property StackTrace | ExceptionInformationExposure.cs:41:28:41:55 | access to property StackTrace | Exception information from $@ flows to here, and is exposed to the user. | ExceptionInformationExposure.cs:41:28:41:55 | access to property StackTrace | access to property StackTrace |
| ExceptionInformationExposure.cs:42:28:42:40 | access to property StackTrace | ExceptionInformationExposure.cs:42:28:42:40 | access to property StackTrace | ExceptionInformationExposure.cs:42:28:42:40 | access to property StackTrace | Exception information from $@ flows to here, and is exposed to the user. | ExceptionInformationExposure.cs:42:28:42:40 | access to property StackTrace | access to property StackTrace |
| ExceptionInformationExposure.cs:43:28:43:40 | call to method ToString | ExceptionInformationExposure.cs:43:28:43:40 | call to method ToString | ExceptionInformationExposure.cs:43:28:43:40 | call to method ToString | Exception information from $@ flows to here, and is exposed to the user. | ExceptionInformationExposure.cs:43:28:43:40 | call to method ToString | call to method ToString |
| ExceptionInformationExposure.cs:49:28:49:55 | call to method ToString | ExceptionInformationExposure.cs:49:28:49:55 | call to method ToString | ExceptionInformationExposure.cs:49:28:49:55 | call to method ToString | Exception information from $@ flows to here, and is exposed to the user. | ExceptionInformationExposure.cs:49:28:49:55 | call to method ToString | call to method ToString |
