| regressions.cs:16:13:16:37 | case ...: | regressions.cs:16:18:16:36 | access to property (unknown) |
| regressions.cs:18:13:18:37 | case ...: | regressions.cs:18:18:18:36 | access to property (unknown) |
| regressions.cs:20:13:20:23 | case ...: | regressions.cs:20:18:20:22 | Int32 x |
