| arrayassignment.cpp:16:7:16:7 | arrayassignment.cpp:14:9:14:14 | IR only |
| arrayassignment.cpp:18:7:18:11 | arrayassignment.cpp:14:9:14:14 | IR only |
| arrayassignment.cpp:19:7:19:9 | arrayassignment.cpp:14:9:14:14 | IR only |
| arrayassignment.cpp:31:7:31:7 | arrayassignment.cpp:29:8:29:13 | IR only |
| arrayassignment.cpp:32:7:32:10 | arrayassignment.cpp:29:8:29:13 | IR only |
| arrayassignment.cpp:34:7:34:10 | arrayassignment.cpp:29:8:29:13 | IR only |
| arrayassignment.cpp:56:7:56:8 | arrayassignment.cpp:54:9:54:14 | IR only |
| arrayassignment.cpp:57:10:57:12 | arrayassignment.cpp:54:9:54:14 | AST only |
| arrayassignment.cpp:57:10:57:15 | arrayassignment.cpp:54:9:54:14 | IR only |
| arrayassignment.cpp:66:7:66:8 | arrayassignment.cpp:64:13:64:18 | IR only |
| arrayassignment.cpp:67:10:67:12 | arrayassignment.cpp:64:13:64:18 | AST only |
| arrayassignment.cpp:67:10:67:15 | arrayassignment.cpp:64:13:64:18 | IR only |
| arrayassignment.cpp:136:7:136:13 | arrayassignment.cpp:134:9:134:14 | IR only |
| arrayassignment.cpp:141:7:141:13 | arrayassignment.cpp:139:10:139:15 | IR only |
| arrayassignment.cpp:146:7:146:13 | arrayassignment.cpp:144:12:144:17 | IR only |
| copyableclass.cpp:67:11:67:11 | copyableclass.cpp:67:13:67:18 | AST only |
| copyableclass.cpp:67:11:67:21 | copyableclass.cpp:67:13:67:18 | IR only |
| copyableclass_declonly.cpp:67:11:67:11 | copyableclass_declonly.cpp:67:13:67:18 | AST only |
| map.cpp:49:9:49:13 | map.cpp:48:37:48:42 | IR only |
| map.cpp:54:9:54:13 | map.cpp:48:37:48:42 | IR only |
| map.cpp:60:9:60:13 | map.cpp:48:37:48:42 | IR only |
| map.cpp:70:9:70:13 | map.cpp:65:37:65:42 | IR only |
| map.cpp:71:9:71:14 | map.cpp:65:37:65:42 | IR only |
| map.cpp:73:9:73:13 | map.cpp:65:37:65:42 | IR only |
| map.cpp:76:9:76:13 | map.cpp:66:37:66:42 | IR only |
| map.cpp:79:9:79:13 | map.cpp:66:37:66:42 | IR only |
| map.cpp:80:9:80:14 | map.cpp:66:37:66:42 | IR only |
| map.cpp:90:34:90:38 | map.cpp:90:24:90:29 | IR only |
| map.cpp:108:7:108:54 | map.cpp:108:39:108:44 | IR only |
| map.cpp:111:7:111:48 | map.cpp:111:34:111:39 | IR only |
| map.cpp:155:12:155:16 | map.cpp:108:39:108:44 | IR only |
| map.cpp:156:12:156:17 | map.cpp:108:39:108:44 | IR only |
| map.cpp:161:12:161:16 | map.cpp:108:39:108:44 | IR only |
| map.cpp:162:12:162:17 | map.cpp:108:39:108:44 | IR only |
| map.cpp:172:10:172:10 | map.cpp:168:20:168:25 | AST only |
| map.cpp:174:10:174:10 | map.cpp:170:23:170:28 | AST only |
| map.cpp:184:7:184:31 | map.cpp:108:39:108:44 | IR only |
| map.cpp:185:7:185:32 | map.cpp:108:39:108:44 | IR only |
| map.cpp:187:7:187:32 | map.cpp:108:39:108:44 | IR only |
| map.cpp:235:7:235:40 | map.cpp:235:26:235:31 | IR only |
| map.cpp:246:7:246:44 | map.cpp:246:30:246:35 | IR only |
| map.cpp:260:7:260:54 | map.cpp:260:39:260:44 | IR only |
| map.cpp:263:7:263:48 | map.cpp:263:34:263:39 | IR only |
| map.cpp:307:12:307:16 | map.cpp:260:39:260:44 | IR only |
| map.cpp:308:12:308:17 | map.cpp:260:39:260:44 | IR only |
| map.cpp:313:12:313:16 | map.cpp:260:39:260:44 | IR only |
| map.cpp:314:12:314:17 | map.cpp:260:39:260:44 | IR only |
| map.cpp:324:10:324:10 | map.cpp:320:20:320:25 | AST only |
| map.cpp:326:10:326:10 | map.cpp:322:23:322:28 | AST only |
| map.cpp:334:7:334:31 | map.cpp:260:39:260:44 | IR only |
| map.cpp:335:7:335:32 | map.cpp:260:39:260:44 | IR only |
| map.cpp:336:7:336:32 | map.cpp:260:39:260:44 | IR only |
| map.cpp:384:7:384:40 | map.cpp:384:26:384:31 | IR only |
| map.cpp:396:7:396:44 | map.cpp:396:30:396:35 | IR only |
| map.cpp:397:40:397:45 | map.cpp:396:30:396:35 | IR only |
| map.cpp:397:40:397:45 | map.cpp:397:30:397:35 | IR only |
| map.cpp:418:7:418:16 | map.cpp:416:30:416:35 | AST only |
| map.cpp:421:7:421:16 | map.cpp:419:33:419:38 | AST only |
| map.cpp:431:7:431:67 | map.cpp:431:52:431:57 | IR only |
| movableclass.cpp:65:11:65:11 | movableclass.cpp:65:13:65:18 | AST only |
| movableclass.cpp:65:11:65:21 | movableclass.cpp:65:13:65:18 | IR only |
| set.cpp:20:7:20:31 | set.cpp:20:17:20:22 | IR only |
| set.cpp:61:8:61:11 | set.cpp:20:17:20:22 | IR only |
| set.cpp:71:7:71:32 | set.cpp:67:13:67:18 | IR only |
| set.cpp:72:7:72:33 | set.cpp:67:13:67:18 | IR only |
| set.cpp:120:7:120:33 | set.cpp:120:19:120:24 | IR only |
| set.cpp:134:7:134:31 | set.cpp:134:17:134:22 | IR only |
| set.cpp:175:8:175:11 | set.cpp:134:17:134:22 | IR only |
| set.cpp:183:7:183:32 | set.cpp:181:13:181:18 | IR only |
| set.cpp:184:7:184:33 | set.cpp:181:13:181:18 | IR only |
| set.cpp:232:7:232:33 | set.cpp:232:19:232:24 | IR only |
| smart_pointer.cpp:12:10:12:10 | smart_pointer.cpp:11:52:11:57 | AST only |
| smart_pointer.cpp:24:10:24:10 | smart_pointer.cpp:23:52:23:57 | AST only |
| standalone_iterators.cpp:41:10:41:10 | standalone_iterators.cpp:39:45:39:51 | AST only |
| standalone_iterators.cpp:42:10:42:10 | standalone_iterators.cpp:39:45:39:51 | AST only |
| standalone_iterators.cpp:47:10:47:10 | standalone_iterators.cpp:45:39:45:45 | AST only |
| standalone_iterators.cpp:48:10:48:10 | standalone_iterators.cpp:45:39:45:45 | AST only |
| standalone_iterators.cpp:87:10:87:11 | standalone_iterators.cpp:86:13:86:18 | AST only |
| string.cpp:33:9:33:13 | string.cpp:27:16:27:21 | AST only |
| string.cpp:39:13:39:17 | string.cpp:14:10:14:15 | AST only |
| string.cpp:43:13:43:17 | string.cpp:14:10:14:15 | AST only |
| string.cpp:46:13:46:17 | string.cpp:14:10:14:15 | AST only |
| string.cpp:70:7:70:8 | string.cpp:62:19:62:24 | AST only |
| string.cpp:126:8:126:11 | string.cpp:120:16:120:21 | IR only |
| string.cpp:145:8:145:14 | string.cpp:142:18:142:23 | IR only |
| string.cpp:146:8:146:14 | string.cpp:142:18:142:23 | IR only |
| string.cpp:147:8:147:14 | string.cpp:142:18:142:23 | IR only |
| string.cpp:150:8:150:20 | string.cpp:150:13:150:18 | IR only |
| string.cpp:162:11:162:11 | string.cpp:155:18:155:23 | AST only |
| string.cpp:166:11:166:11 | string.cpp:166:14:166:19 | AST only |
| string.cpp:167:11:167:11 | string.cpp:166:14:166:19 | AST only |
| string.cpp:199:10:199:15 | string.cpp:191:17:191:22 | AST only |
| string.cpp:202:10:202:15 | string.cpp:192:11:192:25 | AST only |
| string.cpp:220:10:220:15 | string.cpp:211:17:211:22 | AST only |
| string.cpp:224:10:224:15 | string.cpp:211:17:211:22 | AST only |
| string.cpp:228:10:228:15 | string.cpp:212:11:212:25 | AST only |
| string.cpp:243:10:243:16 | string.cpp:234:17:234:22 | AST only |
| string.cpp:247:10:247:16 | string.cpp:234:17:234:22 | AST only |
| string.cpp:251:10:251:16 | string.cpp:235:11:235:25 | AST only |
| string.cpp:312:9:312:12 | string.cpp:309:16:309:21 | AST only |
| string.cpp:323:7:323:29 | string.cpp:320:16:320:21 | IR only |
| string.cpp:340:7:340:7 | string.cpp:336:9:336:23 | AST only |
| string.cpp:341:7:341:7 | string.cpp:337:12:337:26 | AST only |
| string.cpp:342:7:342:7 | string.cpp:336:9:336:23 | AST only |
| string.cpp:350:7:350:9 | string.cpp:349:18:349:32 | AST only |
| string.cpp:351:11:351:14 | string.cpp:349:18:349:32 | AST only |
| string.cpp:363:11:363:16 | string.cpp:358:18:358:23 | AST only |
| string.cpp:382:8:382:14 | string.cpp:374:18:374:23 | IR only |
| string.cpp:383:13:383:15 | string.cpp:374:18:374:23 | IR only |
| string.cpp:396:8:396:15 | string.cpp:389:18:389:23 | IR only |
| string.cpp:397:8:397:15 | string.cpp:389:18:389:23 | IR only |
| string.cpp:399:8:399:8 | string.cpp:389:18:389:23 | AST only |
| string.cpp:401:8:401:8 | string.cpp:389:18:389:23 | AST only |
| string.cpp:404:8:404:11 | string.cpp:389:18:389:23 | IR only |
| string.cpp:407:8:407:11 | string.cpp:389:18:389:23 | IR only |
| string.cpp:409:8:409:8 | string.cpp:389:18:389:23 | AST only |
| string.cpp:411:8:411:8 | string.cpp:389:18:389:23 | AST only |
| string.cpp:415:8:415:11 | string.cpp:389:18:389:23 | IR only |
| string.cpp:418:8:418:8 | string.cpp:389:18:389:23 | AST only |
| string.cpp:421:8:421:8 | string.cpp:389:18:389:23 | AST only |
| string.cpp:436:10:436:15 | string.cpp:431:14:431:19 | AST only |
| string.cpp:449:10:449:15 | string.cpp:449:32:449:46 | AST only |
| string.cpp:462:10:462:15 | string.cpp:457:18:457:23 | AST only |
| string.cpp:465:11:465:16 | string.cpp:457:18:457:23 | AST only |
| string.cpp:478:10:478:15 | string.cpp:473:18:473:23 | AST only |
| string.cpp:481:11:481:16 | string.cpp:473:18:473:23 | AST only |
| string.cpp:494:10:494:15 | string.cpp:489:18:489:23 | AST only |
| string.cpp:522:9:522:13 | string.cpp:521:14:521:28 | AST only |
| string.cpp:523:9:523:12 | string.cpp:521:14:521:28 | AST only |
| string.cpp:536:11:536:11 | string.cpp:536:20:536:25 | AST only |
| string.cpp:537:21:537:21 | string.cpp:537:24:537:29 | AST only |
| string.cpp:538:25:538:25 | string.cpp:538:15:538:20 | AST only |
| string.cpp:541:8:541:8 | string.cpp:536:20:536:25 | AST only |
| string.cpp:543:8:543:8 | string.cpp:537:24:537:29 | AST only |
| string.cpp:556:11:556:16 | string.cpp:556:27:556:32 | AST only |
| string.cpp:557:24:557:29 | string.cpp:557:31:557:36 | AST only |
| string.cpp:561:8:561:8 | string.cpp:556:27:556:32 | AST only |
| string.cpp:563:8:563:8 | string.cpp:557:31:557:36 | AST only |
| stringstream.cpp:32:11:32:22 | stringstream.cpp:32:14:32:19 | IR only |
| stringstream.cpp:33:20:33:31 | stringstream.cpp:33:23:33:28 | IR only |
| stringstream.cpp:34:23:34:31 | stringstream.cpp:34:14:34:19 | IR only |
| stringstream.cpp:35:11:35:11 | stringstream.cpp:29:16:29:21 | AST only |
| stringstream.cpp:39:7:39:9 | stringstream.cpp:33:23:33:28 | AST only |
| stringstream.cpp:41:7:41:9 | stringstream.cpp:29:16:29:21 | AST only |
| stringstream.cpp:43:7:43:15 | stringstream.cpp:32:14:32:19 | IR only |
| stringstream.cpp:44:11:44:13 | stringstream.cpp:33:23:33:28 | AST only |
| stringstream.cpp:45:7:45:15 | stringstream.cpp:34:14:34:19 | IR only |
| stringstream.cpp:46:11:46:13 | stringstream.cpp:29:16:29:21 | AST only |
| stringstream.cpp:56:11:56:13 | stringstream.cpp:56:15:56:29 | AST only |
| stringstream.cpp:57:44:57:46 | stringstream.cpp:57:25:57:39 | AST only |
| stringstream.cpp:60:7:60:10 | stringstream.cpp:57:25:57:39 | AST only |
| stringstream.cpp:63:12:63:16 | stringstream.cpp:63:18:63:23 | AST only |
| stringstream.cpp:64:54:64:58 | stringstream.cpp:64:36:64:41 | AST only |
| stringstream.cpp:67:7:67:10 | stringstream.cpp:64:36:64:41 | AST only |
| stringstream.cpp:76:11:76:11 | stringstream.cpp:70:32:70:37 | AST only |
| stringstream.cpp:78:11:78:11 | stringstream.cpp:70:32:70:37 | AST only |
| stringstream.cpp:83:7:83:15 | stringstream.cpp:70:32:70:37 | IR only |
| stringstream.cpp:100:11:100:11 | stringstream.cpp:100:31:100:36 | AST only |
| stringstream.cpp:143:11:143:22 | stringstream.cpp:143:14:143:19 | IR only |
| stringstream.cpp:146:11:146:11 | stringstream.cpp:143:14:143:19 | AST only |
| stringstream.cpp:147:17:147:17 | stringstream.cpp:143:14:143:19 | AST only |
| stringstream.cpp:151:7:151:8 | stringstream.cpp:143:14:143:19 | AST only |
| stringstream.cpp:154:11:154:11 | stringstream.cpp:143:14:143:19 | AST only |
| stringstream.cpp:155:17:155:17 | stringstream.cpp:143:14:143:19 | AST only |
| stringstream.cpp:159:7:159:8 | stringstream.cpp:143:14:143:19 | AST only |
| stringstream.cpp:162:11:162:14 | stringstream.cpp:143:14:143:19 | AST only |
| stringstream.cpp:166:11:166:13 | stringstream.cpp:143:14:143:19 | AST only |
| stringstream.cpp:179:11:179:13 | stringstream.cpp:143:14:143:19 | AST only |
| stringstream.cpp:196:10:196:16 | stringstream.cpp:196:18:196:32 | AST only |
| stringstream.cpp:215:11:215:17 | stringstream.cpp:203:24:203:29 | AST only |
| stringstream.cpp:216:11:216:17 | stringstream.cpp:203:24:203:29 | AST only |
| stringstream.cpp:223:11:223:17 | stringstream.cpp:203:24:203:29 | AST only |
| stringstream.cpp:224:11:224:17 | stringstream.cpp:203:24:203:29 | AST only |
| stringstream.cpp:230:29:230:35 | stringstream.cpp:203:24:203:29 | AST only |
| stringstream.cpp:232:7:232:8 | stringstream.cpp:203:24:203:29 | AST only |
| stringstream.cpp:235:7:235:13 | stringstream.cpp:203:24:203:29 | AST only |
| stringstream.cpp:236:7:236:13 | stringstream.cpp:203:24:203:29 | AST only |
| stringstream.cpp:243:7:243:13 | stringstream.cpp:203:24:203:29 | AST only |
| stringstream.cpp:244:7:244:13 | stringstream.cpp:203:24:203:29 | AST only |
| stringstream.cpp:250:7:250:13 | stringstream.cpp:203:24:203:29 | AST only |
| stringstream.cpp:252:7:252:8 | stringstream.cpp:203:24:203:29 | AST only |
| stringstream.cpp:262:32:262:34 | stringstream.cpp:257:24:257:29 | AST only |
| stringstream.cpp:264:7:264:8 | stringstream.cpp:257:24:257:29 | AST only |
| stringstream.cpp:266:62:266:66 | stringstream.cpp:266:41:266:46 | AST only |
| stringstream.cpp:267:7:267:9 | stringstream.cpp:266:41:266:46 | AST only |
| swap1.cpp:78:12:78:16 | swap1.cpp:69:23:69:23 | AST only |
| swap1.cpp:88:13:88:17 | swap1.cpp:81:27:81:28 | AST only |
| swap1.cpp:102:12:102:16 | swap1.cpp:93:23:93:23 | AST only |
| swap1.cpp:115:18:115:22 | swap1.cpp:108:23:108:31 | AST only |
| swap1.cpp:129:12:129:16 | swap1.cpp:120:23:120:23 | AST only |
| swap1.cpp:144:12:144:16 | swap1.cpp:135:23:135:23 | AST only |
| swap2.cpp:78:12:78:16 | swap2.cpp:69:23:69:23 | AST only |
| swap2.cpp:87:13:87:17 | swap2.cpp:82:16:82:21 | IR only |
| swap2.cpp:88:13:88:17 | swap2.cpp:81:27:81:28 | AST only |
| swap2.cpp:102:12:102:16 | swap2.cpp:93:23:93:23 | AST only |
| swap2.cpp:115:18:115:22 | swap2.cpp:108:23:108:31 | AST only |
| swap2.cpp:129:12:129:16 | swap2.cpp:120:23:120:23 | AST only |
| swap2.cpp:144:12:144:16 | swap2.cpp:135:23:135:23 | AST only |
| taint.cpp:41:7:41:13 | taint.cpp:35:12:35:17 | AST only |
| taint.cpp:42:7:42:13 | taint.cpp:35:12:35:17 | AST only |
| taint.cpp:43:7:43:13 | taint.cpp:37:22:37:27 | AST only |
| taint.cpp:137:7:137:9 | taint.cpp:120:11:120:16 | AST only |
| taint.cpp:195:7:195:7 | taint.cpp:192:23:192:28 | AST only |
| taint.cpp:195:7:195:7 | taint.cpp:193:6:193:6 | AST only |
| taint.cpp:236:3:236:6 | taint.cpp:223:10:223:15 | AST only |
| taint.cpp:372:7:372:7 | taint.cpp:365:24:365:29 | AST only |
| taint.cpp:374:7:374:7 | taint.cpp:365:24:365:29 | AST only |
| taint.cpp:391:7:391:7 | taint.cpp:385:27:385:32 | AST only |
| taint.cpp:429:7:429:7 | taint.cpp:428:13:428:18 | IR only |
| taint.cpp:431:9:431:17 | taint.cpp:428:13:428:18 | IR only |
| taint.cpp:447:9:447:17 | taint.cpp:445:14:445:28 | AST only |
| vector.cpp:24:8:24:11 | vector.cpp:16:43:16:49 | IR only |
| vector.cpp:52:7:52:8 | vector.cpp:51:10:51:15 | AST only |
| vector.cpp:53:9:53:9 | vector.cpp:51:10:51:15 | AST only |
| vector.cpp:54:9:54:9 | vector.cpp:51:10:51:15 | AST only |
| vector.cpp:55:9:55:9 | vector.cpp:51:10:51:15 | AST only |
| vector.cpp:58:7:58:8 | vector.cpp:51:10:51:15 | AST only |
| vector.cpp:59:9:59:9 | vector.cpp:51:10:51:15 | AST only |
| vector.cpp:60:9:60:9 | vector.cpp:51:10:51:15 | AST only |
| vector.cpp:61:9:61:9 | vector.cpp:51:10:51:15 | AST only |
| vector.cpp:64:7:64:8 | vector.cpp:63:10:63:15 | AST only |
| vector.cpp:65:9:65:9 | vector.cpp:63:10:63:15 | AST only |
| vector.cpp:66:9:66:9 | vector.cpp:63:10:63:15 | AST only |
| vector.cpp:67:9:67:9 | vector.cpp:63:10:63:15 | AST only |
| vector.cpp:71:10:71:14 | vector.cpp:69:15:69:20 | AST only |
| vector.cpp:72:10:72:13 | vector.cpp:69:15:69:20 | AST only |
| vector.cpp:75:7:75:8 | vector.cpp:74:17:74:22 | AST only |
| vector.cpp:76:7:76:18 | vector.cpp:74:17:74:22 | AST only |
| vector.cpp:84:10:84:14 | vector.cpp:81:17:81:22 | AST only |
| vector.cpp:85:10:85:13 | vector.cpp:81:17:81:22 | AST only |
| vector.cpp:97:7:97:8 | vector.cpp:96:13:96:18 | AST only |
| vector.cpp:98:10:98:11 | vector.cpp:96:13:96:18 | AST only |
| vector.cpp:99:10:99:11 | vector.cpp:96:13:96:18 | AST only |
| vector.cpp:100:10:100:11 | vector.cpp:96:13:96:18 | AST only |
| vector.cpp:171:13:171:13 | vector.cpp:170:14:170:19 | AST only |
| vector.cpp:180:13:180:13 | vector.cpp:179:14:179:19 | AST only |
| vector.cpp:201:13:201:13 | vector.cpp:200:14:200:19 | AST only |
| vector.cpp:286:10:286:13 | vector.cpp:284:15:284:20 | AST only |
| vector.cpp:287:7:287:18 | vector.cpp:284:15:284:20 | AST only |
| vector.cpp:290:7:290:8 | vector.cpp:289:17:289:30 | AST only |
| vector.cpp:291:10:291:13 | vector.cpp:289:17:289:30 | AST only |
| vector.cpp:292:7:292:18 | vector.cpp:289:17:289:30 | AST only |
| vector.cpp:308:9:308:14 | vector.cpp:303:14:303:19 | AST only |
| vector.cpp:311:9:311:14 | vector.cpp:303:14:303:19 | AST only |
| vector.cpp:342:7:342:8 | vector.cpp:341:8:341:13 | AST only |
| vector.cpp:347:7:347:8 | vector.cpp:345:9:345:14 | AST only |
| vector.cpp:357:7:357:8 | vector.cpp:330:10:330:15 | AST only |
| vector.cpp:361:7:361:8 | vector.cpp:360:8:360:13 | AST only |
| vector.cpp:363:7:363:8 | vector.cpp:360:8:360:13 | AST only |
| vector.cpp:367:7:367:8 | vector.cpp:366:8:366:13 | AST only |
| vector.cpp:369:7:369:8 | vector.cpp:366:8:366:13 | AST only |
| vector.cpp:374:8:374:9 | vector.cpp:373:9:373:14 | AST only |
| vector.cpp:379:7:379:8 | vector.cpp:373:9:373:14 | AST only |
| vector.cpp:383:7:383:8 | vector.cpp:382:8:382:13 | AST only |
| vector.cpp:385:7:385:8 | vector.cpp:382:8:382:13 | AST only |
| vector.cpp:392:7:392:8 | vector.cpp:330:10:330:15 | AST only |
| vector.cpp:392:7:392:8 | vector.cpp:389:8:389:13 | AST only |
| vector.cpp:400:7:400:9 | vector.cpp:399:38:399:43 | AST only |
| vector.cpp:405:7:405:9 | vector.cpp:404:9:404:14 | AST only |
| vector.cpp:409:7:409:9 | vector.cpp:408:11:408:16 | AST only |
| vector.cpp:414:7:414:9 | vector.cpp:413:11:413:16 | AST only |
| vector.cpp:422:8:422:10 | vector.cpp:417:33:417:45 | AST only |
| vector.cpp:429:8:429:10 | vector.cpp:417:33:417:45 | AST only |
| vector.cpp:436:8:436:10 | vector.cpp:435:11:435:16 | AST only |
| vector.cpp:443:8:443:10 | vector.cpp:417:33:417:45 | AST only |
| vector.cpp:450:8:450:10 | vector.cpp:449:11:449:16 | AST only |
| vector.cpp:473:8:473:8 | vector.cpp:468:11:468:16 | AST only |
| vector.cpp:486:8:486:9 | vector.cpp:478:21:478:37 | AST only |
| vector.cpp:494:7:494:8 | vector.cpp:493:18:493:23 | AST only |
| vector.cpp:497:7:497:8 | vector.cpp:496:25:496:30 | AST only |
